// Jest Snapshot v1, https://goo.gl/fbAQLP

exports[`meteors should match the snapshot 1`] = `"<svg xmlns="http://www.w3.org/2000/svg" width="500" height="200" viewbox="0 0 500 200"><rect width="500" height="200" fill="#000"></rect><defs><linearGradient id="gradient"><stop offset="0%" stop-color="rgba(255,255,255,0)"></stop><stop offset="100%" stop-color="rgb(255,255,255)"></stop></linearGradient></defs><defs><linearGradient id="gradient_rev"><stop offset="0%" stop-color="rgb(255,255,255)"></stop><stop offset="100%" stop-color="rgba(255,255,255,0)"></stop></linearGradient></defs><line x1="-6" y1="-4" x2="118" y2="120" stroke-width="4" stroke-linecap="round" stroke="url(#gradient_rev)"></line><line x1="-6" y1="204" x2="98" y2="308" stroke-width="5" stroke-linecap="round" stroke="url(#gradient_rev)"></line><line x1="29" y1="-33" x2="138" y2="76" stroke-width="4" stroke-linecap="round" stroke="url(#gradient)"></line><line x1="25" y1="224" x2="150" y2="349" stroke-width="4" stroke-linecap="round" stroke="url(#gradient)"></line><line x1="52" y1="-3" x2="169" y2="114" stroke-width="5" stroke-linecap="round" stroke="url(#gradient)"></line><line x1="49" y1="183" x2="161" y2="295" stroke-width="5" stroke-linecap="round" stroke="url(#gradient_rev)"></line><line x1="81" y1="48" x2="195" y2="162" stroke-width="7" stroke-linecap="round" stroke="url(#gradient_rev)"></line><line x1="80" y1="168" x2="208" y2="296" stroke-width="4" stroke-linecap="round" stroke="url(#gradient_rev)"></line><line x1="99" y1="23" x2="225" y2="149" stroke-width="4" stroke-linecap="round" stroke="url(#gradient_rev)"></line><line x1="104" y1="158" x2="216" y2="270" stroke-width="5" stroke-linecap="round" stroke="url(#gradient_rev)"></line><line x1="129" y1="-28" x2="252" y2="95" stroke-width="5" stroke-linecap="round" stroke="url(#gradient)"></line><line x1="130" y1="182" x2="259" y2="311" stroke-width="5" stroke-linecap="round" stroke="url(#gradient)"></line><line x1="149" y1="-39" x2="275" y2="87" stroke-width="5" stroke-linecap="round" stroke="url(#gradient)"></line><line x1="145" y1="165" x2="258" y2="278" stroke-width="4" stroke-linecap="round" stroke="url(#gradient)"></line><line x1="180" y1="5" x2="305" y2="130" stroke-width="5" stroke-linecap="round" stroke="url(#gradient)"></line><line x1="173" y1="215" x2="293" y2="335" stroke-width="4" stroke-linecap="round" stroke="url(#gradient)"></line><line x1="204" y1="-45" x2="306" y2="57" stroke-width="6" stroke-linecap="round" stroke="url(#gradient)"></line><line x1="194" y1="234" x2="316" y2="356" stroke-width="4" stroke-linecap="round" stroke="url(#gradient)"></line><line x1="223" y1="-9" x2="340" y2="108" stroke-width="3" stroke-linecap="round" stroke="url(#gradient_rev)"></line><line x1="220" y1="222" x2="335" y2="337" stroke-width="4" stroke-linecap="round" stroke="url(#gradient)"></line><line x1="250" y1="16" x2="367" y2="133" stroke-width="3" stroke-linecap="round" stroke="url(#gradient_rev)"></line><line x1="246" y1="184" x2="366" y2="304" stroke-width="4" stroke-linecap="round" stroke="url(#gradient_rev)"></line><line x1="274" y1="40" x2="402" y2="168" stroke-width="4" stroke-linecap="round" stroke="url(#gradient)"></line><line x1="272" y1="168" x2="405" y2="301" stroke-width="4" stroke-linecap="round" stroke="url(#gradient_rev)"></line><line x1="305" y1="-7" x2="411" y2="99" stroke-width="4" stroke-linecap="round" stroke="url(#gradient)"></line><line x1="303" y1="195" x2="415" y2="307" stroke-width="4" stroke-linecap="round" stroke="url(#gradient)"></line><line x1="321" y1="14" x2="451" y2="144" stroke-width="4" stroke-linecap="round" stroke="url(#gradient)"></line><line x1="326" y1="202" x2="445" y2="321" stroke-width="4" stroke-linecap="round" stroke="url(#gradient)"></line><line x1="355" y1="-13" x2="473" y2="105" stroke-width="4" stroke-linecap="round" stroke="url(#gradient_rev)"></line><line x1="353" y1="183" x2="486" y2="316" stroke-width="3" stroke-linecap="round" stroke="url(#gradient_rev)"></line><line x1="370" y1="-31" x2="487" y2="86" stroke-width="4" stroke-linecap="round" stroke="url(#gradient_rev)"></line><line x1="373" y1="156" x2="479" y2="262" stroke-width="4" stroke-linecap="round" stroke="url(#gradient_rev)"></line><line x1="400" y1="15" x2="519" y2="134" stroke-width="5" stroke-linecap="round" stroke="url(#gradient)"></line><line x1="403" y1="202" x2="525" y2="324" stroke-width="6" stroke-linecap="round" stroke="url(#gradient_rev)"></line><line x1="431" y1="-17" x2="539" y2="91" stroke-width="4" stroke-linecap="round" stroke="url(#gradient)"></line><line x1="421" y1="245" x2="537" y2="361" stroke-width="4" stroke-linecap="round" stroke="url(#gradient)"></line><line x1="453" y1="41" x2="568" y2="156" stroke-width="4" stroke-linecap="round" stroke="url(#gradient)"></line><line x1="451" y1="246" x2="552" y2="347" stroke-width="5" stroke-linecap="round" stroke="url(#gradient_rev)"></line><line x1="473" y1="30" x2="593" y2="150" stroke-width="4" stroke-linecap="round" stroke="url(#gradient_rev)"></line><line x1="480" y1="197" x2="600" y2="317" stroke-width="4" stroke-linecap="round" stroke="url(#gradient)"></line><line x1="505" y1="-23" x2="620" y2="92" stroke-width="6" stroke-linecap="round" stroke="url(#gradient_rev)"></line><line x1="495" y1="236" x2="607" y2="348" stroke-width="6" stroke-linecap="round" stroke="url(#gradient)"></line></svg>"`;
